INFO:     Started server process [28680]
INFO:     Waiting for application startup.
{"ts":"2026-08-26 20:53:02,037","level":"INFO","logger":"realtime.gateway","msg":"Realtime gateway started (node=ACU-HYD-LT-531)"}
INFO:     Application startup complete.
INFO:     Uvicorn running on http://0.0.0.0:8099 (Press CTRL+C to quit)
ERROR:    Exception in ASGI application
Traceback (most recent call last):
  File "C:\Users\harsha.singiri\OneDrive - Acuvate Software Private Limited\Harsha Documents\Projects\Drunk and Drive - Clone\backend\venv\Lib\site-packages\sqlalchemy\engine\base.py", line 1969, in _exec_single_context
    self.dialect.do_execute(
    ~~~~~~~~~~~~~~~~~~~~~~~^
        cursor, str_statement, effective_parameters, context
        ^^^^^^^^^^^^^^^^^^^^^^^^^^^^^^^^^^^^^^^^^^^^^^^^^^^^
    )
    ^
  File "C:\Users\harsha.singiri\OneDrive - Acuvate Software Private Limited\Harsha Documents\Projects\Drunk and Drive - Clone\backend\venv\Lib\site-packages\sqlalchemy\engine\default.py", line 952, in do_execute
    cursor.execute(statement, parameters)
    ~~~~~~~~~~~~~~^^^^^^^^^^^^^^^^^^^^^^^
psycopg2.errors.UndefinedTable: relation "users" does not exist
LINE 2: FROM users 
             ^


The above exception was the direct cause of the following exception:

Traceback (most recent call last):
  File "C:\Users\harsha.singiri\OneDrive - Acuvate Software Private Limited\Harsha Documents\Projects\Drunk and Drive - Clone\backend\venv\Lib\site-packages\uvicorn\protocols\http\httptools_impl.py", line 422, in run_asgi
    result = await app(  # type: ignore[func-returns-value]
             ^^^^^^^^^^^^^^^^^^^^^^^^^^^^^^^^^^^^^^^^^^^^^^
        self.scope, self.receive, self.send
        ^^^^^^^^^^^^^^^^^^^^^^^^^^^^^^^^^^^
    )
    ^
  File "C:\Users\harsha.singiri\OneDrive - Acuvate Software Private Limited\Harsha Documents\Projects\Drunk and Drive - Clone\backend\venv\Lib\site-packages\uvicorn\middleware\proxy_headers.py", line 63, in __call__
    return await self.app(scope, receive, send)
           ^^^^^^^^^^^^^^^^^^^^^^^^^^^^^^^^^^^^
  File "C:\Users\harsha.singiri\OneDrive - Acuvate Software Private Limited\Harsha Documents\Projects\Drunk and Drive - Clone\backend\venv\Lib\site-packages\fastapi\applications.py", line 1163, in __call__
    await super().__call__(scope, receive, send)
  File "C:\Users\harsha.singiri\OneDrive - Acuvate Software Private Limited\Harsha Documents\Projects\Drunk and Drive - Clone\backend\venv\Lib\site-packages\starlette\applications.py", line 90, in __call__
    await self.middleware_stack(scope, receive, send)
  File "C:\Users\harsha.singiri\OneDrive - Acuvate Software Private Limited\Harsha Documents\Projects\Drunk and Drive - Clone\backend\venv\Lib\site-packages\starlette\middleware\errors.py", line 186, in __call__
    raise exc
  File "C:\Users\harsha.singiri\OneDrive - Acuvate Software Private Limited\Harsha Documents\Projects\Drunk and Drive - Clone\backend\venv\Lib\site-packages\starlette\middleware\errors.py", line 164, in __call__
    await self.app(scope, receive, _send)
  File "C:\Users\harsha.singiri\OneDrive - Acuvate Software Private Limited\Harsha Documents\Projects\Drunk and Drive - Clone\backend\venv\Lib\site-packages\starlette\middleware\cors.py", line 88, in __call__
    await self.app(scope, receive, send)
  File "C:\Users\harsha.singiri\OneDrive - Acuvate Software Private Limited\Harsha Documents\Projects\Drunk and Drive - Clone\backend\venv\Lib\site-packages\starlette\middleware\base.py", line 193, in __call__
    response = await self.dispatch_func(request, call_next)
               ^^^^^^^^^^^^^^^^^^^^^^^^^^^^^^^^^^^^^^^^^^^^
  File "C:\Users\harsha.singiri\OneDrive - Acuvate Software Private Limited\Harsha Documents\Projects\Drunk and Drive - Clone\backend\venv\Lib\site-packages\slowapi\middleware.py", line 128, in dispatch
    return await call_next(request)
           ^^^^^^^^^^^^^^^^^^^^^^^^
  File "C:\Users\harsha.singiri\OneDrive - Acuvate Software Private Limited\Harsha Documents\Projects\Drunk and Drive - Clone\backend\venv\Lib\site-packages\starlette\middleware\base.py", line 168, in call_next
    raise app_exc from app_exc.__cause__ or app_exc.__context__
  File "C:\Users\harsha.singiri\OneDrive - Acuvate Software Private Limited\Harsha Documents\Projects\Drunk and Drive - Clone\backend\venv\Lib\site-packages\starlette\middleware\base.py", line 144, in coro
    await self.app(scope, receive_or_disconnect, send_no_error)
  File "C:\Users\harsha.singiri\OneDrive - Acuvate Software Private Limited\Harsha Documents\Projects\Drunk and Drive - Clone\backend\venv\Lib\site-packages\starlette\middleware\exceptions.py", line 63, in __call__
    await wrap_app_handling_exceptions(self.app, conn)(scope, receive, send)
  File "C:\Users\harsha.singiri\OneDrive - Acuvate Software Private Limited\Harsha Documents\Projects\Drunk and Drive - Clone\backend\venv\Lib\site-packages\starlette\_exception_handler.py", line 53, in wrapped_app
    raise exc
  File "C:\Users\harsha.singiri\OneDrive - Acuvate Software Private Limited\Harsha Documents\Projects\Drunk and Drive - Clone\backend\venv\Lib\site-packages\starlette\_exception_handler.py", line 42, in wrapped_app
    await app(scope, receive, sender)
  File "C:\Users\harsha.singiri\OneDrive - Acuvate Software Private Limited\Harsha Documents\Projects\Drunk and Drive - Clone\backend\venv\Lib\site-packages\fastapi\middleware\asyncexitstack.py", line 18, in __call__
    await self.app(scope, receive, send)
  File "C:\Users\harsha.singiri\OneDrive - Acuvate Software Private Limited\Harsha Documents\Projects\Drunk and Drive - Clone\backend\venv\Lib\site-packages\starlette\routing.py", line 660, in __call__
    await self.middleware_stack(scope, receive, send)
  File "C:\Users\harsha.singiri\OneDrive - Acuvate Software Private Limited\Harsha Documents\Projects\Drunk and Drive - Clone\backend\venv\Lib\site-packages\fastapi\routing.py", line 2734, in app
    await route.handle(scope, receive, send)
  File "C:\Users\harsha.singiri\OneDrive - Acuvate Software Private Limited\Harsha Documents\Projects\Drunk and Drive - Clone\backend\venv\Lib\site-packages\fastapi\routing.py", line 1780, in handle
    await self.original_router.handle(scope, receive, send)
  File "C:\Users\harsha.singiri\OneDrive - Acuvate Software Private Limited\Harsha Documents\Projects\Drunk and Drive - Clone\backend\venv\Lib\site-packages\fastapi\routing.py", line 2789, in handle
    await included_router._handle_selected(scope, receive, send)
  File "C:\Users\harsha.singiri\OneDrive - Acuvate Software Private Limited\Harsha Documents\Projects\Drunk and Drive - Clone\backend\venv\Lib\site-packages\fastapi\routing.py", line 1800, in _handle_selected
    await original_route.handle(scope, receive, send)
  File "C:\Users\harsha.singiri\OneDrive - Acuvate Software Private Limited\Harsha Documents\Projects\Drunk and Drive - Clone\backend\venv\Lib\site-packages\fastapi\routing.py", line 1279, in handle
    await app(scope, receive, send)
  File "C:\Users\harsha.singiri\OneDrive - Acuvate Software Private Limited\Harsha Documents\Projects\Drunk and Drive - Clone\backend\venv\Lib\site-packages\fastapi\routing.py", line 158, in app
    await wrap_app_handling_exceptions(app, request)(scope, receive, send)
  File "C:\Users\harsha.singiri\OneDrive - Acuvate Software Private Limited\Harsha Documents\Projects\Drunk and Drive - Clone\backend\venv\Lib\site-packages\starlette\_exception_handler.py", line 53, in wrapped_app
    raise exc
  File "C:\Users\harsha.singiri\OneDrive - Acuvate Software Private Limited\Harsha Documents\Projects\Drunk and Drive - Clone\backend\venv\Lib\site-packages\starlette\_exception_handler.py", line 42, in wrapped_app
    await app(scope, receive, sender)
  File "C:\Users\harsha.singiri\OneDrive - Acuvate Software Private Limited\Harsha Documents\Projects\Drunk and Drive - Clone\backend\venv\Lib\site-packages\fastapi\routing.py", line 144, in app
    response = await f(request)
               ^^^^^^^^^^^^^^^^
  File "C:\Users\harsha.singiri\OneDrive - Acuvate Software Private Limited\Harsha Documents\Projects\Drunk and Drive - Clone\backend\venv\Lib\site-packages\fastapi\routing.py", line 706, in app
    raw_response = await run_endpoint_function(
                   ^^^^^^^^^^^^^^^^^^^^^^^^^^^^
    ...<3 lines>...
    )
    ^
  File "C:\Users\harsha.singiri\OneDrive - Acuvate Software Private Limited\Harsha Documents\Projects\Drunk and Drive - Clone\backend\venv\Lib\site-packages\fastapi\routing.py", line 354, in run_endpoint_function
    return await run_in_threadpool(dependant.call, **values)
           ^^^^^^^^^^^^^^^^^^^^^^^^^^^^^^^^^^^^^^^^^^^^^^^^^
  File "C:\Users\harsha.singiri\OneDrive - Acuvate Software Private Limited\Harsha Documents\Projects\Drunk and Drive - Clone\backend\venv\Lib\site-packages\starlette\concurrency.py", line 34, in run_in_threadpool
    return await anyio.to_thread.run_sync(func)
           ^^^^^^^^^^^^^^^^^^^^^^^^^^^^^^^^^^^^
  File "C:\Users\harsha.singiri\OneDrive - Acuvate Software Private Limited\Harsha Documents\Projects\Drunk and Drive - Clone\backend\venv\Lib\site-packages\anyio\to_thread.py", line 65, in run_sync
    return await get_async_backend().run_sync_in_worker_thread(
           ^^^^^^^^^^^^^^^^^^^^^^^^^^^^^^^^^^^^^^^^^^^^^^^^^^^^
        func, args, abandon_on_cancel=abandon_on_cancel, limiter=limiter
        ^^^^^^^^^^^^^^^^^^^^^^^^^^^^^^^^^^^^^^^^^^^^^^^^^^^^^^^^^^^^^^^^
    )
    ^
  File "C:\Users\harsha.singiri\OneDrive - Acuvate Software Private Limited\Harsha Documents\Projects\Drunk and Drive - Clone\backend\venv\Lib\site-packages\anyio\_backends\_asyncio.py", line 2641, in run_sync_in_worker_thread
    return await future
           ^^^^^^^^^^^^
  File "C:\Users\harsha.singiri\OneDrive - Acuvate Software Private Limited\Harsha Documents\Projects\Drunk and Drive - Clone\backend\venv\Lib\site-packages\anyio\_backends\_asyncio.py", line 1033, in run
    result = context.run(func, *args)
  File "C:\Users\harsha.singiri\OneDrive - Acuvate Software Private Limited\Harsha Documents\Projects\Drunk and Drive - Clone\backend\venv\Lib\site-packages\slowapi\extension.py", line 770, in sync_wrapper
    response = func(*args, **kwargs)
  File "C:\Users\harsha.singiri\OneDrive - Acuvate Software Private Limited\Harsha Documents\Projects\Drunk and Drive - Clone\backend\api\routers\auth.py", line 174, in emailjs_login
    user = db.query(User).filter(User.email == email).first()
  File "C:\Users\harsha.singiri\OneDrive - Acuvate Software Private Limited\Harsha Documents\Projects\Drunk and Drive - Clone\backend\venv\Lib\site-packages\sqlalchemy\orm\query.py", line 2766, in first
    return self.limit(1)._iter().first()  # type: ignore
           ~~~~~~~~~~~~~~~~~~~^^
  File "C:\Users\harsha.singiri\OneDrive - Acuvate Software Private Limited\Harsha Documents\Projects\Drunk and Drive - Clone\backend\venv\Lib\site-packages\sqlalchemy\orm\query.py", line 2864, in _iter
    result: Union[ScalarResult[_T], Result[_T]] = self.session.execute(
                                                  ~~~~~~~~~~~~~~~~~~~~^
        statement,
        ^^^^^^^^^^
        params,
        ^^^^^^^
        execution_options={"_sa_orm_load_options": self.load_options},
        ^^^^^^^^^^^^^^^^^^^^^^^^^^^^^^^^^^^^^^^^^^^^^^^^^^^^^^^^^^^^^^
    )
    ^
  File "C:\Users\harsha.singiri\OneDrive - Acuvate Software Private Limited\Harsha Documents\Projects\Drunk and Drive - Clone\backend\venv\Lib\site-packages\sqlalchemy\orm\session.py", line 2373, in execute
    return self._execute_internal(
           ~~~~~~~~~~~~~~~~~~~~~~^
        statement,
        ^^^^^^^^^^
    ...<4 lines>...
        _add_event=_add_event,
        ^^^^^^^^^^^^^^^^^^^^^^
    )
    ^
  File "C:\Users\harsha.singiri\OneDrive - Acuvate Software Private Limited\Harsha Documents\Projects\Drunk and Drive - Clone\backend\venv\Lib\site-packages\sqlalchemy\orm\session.py", line 2271, in _execute_internal
    result: Result[Any] = compile_state_cls.orm_execute_statement(
                          ~~~~~~~~~~~~~~~~~~~~~~~~~~~~~~~~~~~~~~~^
        self,
        ^^^^^
    ...<4 lines>...
        conn,
        ^^^^^
    )
    ^
  File "C:\Users\harsha.singiri\OneDrive - Acuvate Software Private Limited\Harsha Documents\Projects\Drunk and Drive - Clone\backend\venv\Lib\site-packages\sqlalchemy\orm\context.py", line 306, in orm_execute_statement
    result = conn.execute(
        statement, params or {}, execution_options=execution_options
    )
  File "C:\Users\harsha.singiri\OneDrive - Acuvate Software Private Limited\Harsha Documents\Projects\Drunk and Drive - Clone\backend\venv\Lib\site-packages\sqlalchemy\engine\base.py", line 1421, in execute
    return meth(
        self,
        distilled_parameters,
        execution_options or NO_OPTIONS,
    )
  File "C:\Users\harsha.singiri\OneDrive - Acuvate Software Private Limited\Harsha Documents\Projects\Drunk and Drive - Clone\backend\venv\Lib\site-packages\sqlalchemy\sql\elements.py", line 526, in _execute_on_connection
    return connection._execute_clauseelement(
           ~~~~~~~~~~~~~~~~~~~~~~~~~~~~~~~~~^
        self, distilled_params, execution_options
        ^^^^^^^^^^^^^^^^^^^^^^^^^^^^^^^^^^^^^^^^^
    )
    ^
  File "C:\Users\harsha.singiri\OneDrive - Acuvate Software Private Limited\Harsha Documents\Projects\Drunk and Drive - Clone\backend\venv\Lib\site-packages\sqlalchemy\engine\base.py", line 1643, in _execute_clauseelement
    ret = self._execute_context(
        dialect,
    ...<8 lines>...
        cache_hit=cache_hit,
    )
  File "C:\Users\harsha.singiri\OneDrive - Acuvate Software Private Limited\Harsha Documents\Projects\Drunk and Drive - Clone\backend\venv\Lib\site-packages\sqlalchemy\engine\base.py", line 1848, in _execute_context
    return self._exec_single_context(
           ~~~~~~~~~~~~~~~~~~~~~~~~~^
        dialect, context, statement, parameters
        ^^^^^^^^^^^^^^^^^^^^^^^^^^^^^^^^^^^^^^^
    )
    ^
  File "C:\Users\harsha.singiri\OneDrive - Acuvate Software Private Limited\Harsha Documents\Projects\Drunk and Drive - Clone\backend\venv\Lib\site-packages\sqlalchemy\engine\base.py", line 1988, in _exec_single_context
    self._handle_dbapi_exception(
    ~~~~~~~~~~~~~~~~~~~~~~~~~~~~^
        e, str_statement, effective_parameters, cursor, context
        ^^^^^^^^^^^^^^^^^^^^^^^^^^^^^^^^^^^^^^^^^^^^^^^^^^^^^^^
    )
    ^
  File "C:\Users\harsha.singiri\OneDrive - Acuvate Software Private Limited\Harsha Documents\Projects\Drunk and Drive - Clone\backend\venv\Lib\site-packages\sqlalchemy\engine\base.py", line 2365, in _handle_dbapi_exception
    raise sqlalchemy_exception.with_traceback(exc_info[2]) from e
  File "C:\Users\harsha.singiri\OneDrive - Acuvate Software Private Limited\Harsha Documents\Projects\Drunk and Drive - Clone\backend\venv\Lib\site-packages\sqlalchemy\engine\base.py", line 1969, in _exec_single_context
    self.dialect.do_execute(
    ~~~~~~~~~~~~~~~~~~~~~~~^
        cursor, str_statement, effective_parameters, context
        ^^^^^^^^^^^^^^^^^^^^^^^^^^^^^^^^^^^^^^^^^^^^^^^^^^^^
    )
    ^
  File "C:\Users\harsha.singiri\OneDrive - Acuvate Software Private Limited\Harsha Documents\Projects\Drunk and Drive - Clone\backend\venv\Lib\site-packages\sqlalchemy\engine\default.py", line 952, in do_execute
    cursor.execute(statement, parameters)
    ~~~~~~~~~~~~~~^^^^^^^^^^^^^^^^^^^^^^^
sqlalchemy.exc.ProgrammingError: (psycopg2.errors.UndefinedTable) relation "users" does not exist
LINE 2: FROM users 
             ^

[SQL: SELECT users.id AS users_id, users.name AS users_name, users.email AS users_email, users.hashed_password AS users_hashed_password, users.phone AS users_phone, users.profile_image AS users_profile_image, users.role AS users_role, users.created_at AS users_created_at 
FROM users 
WHERE users.email = %(email_1)s 
 LIMIT %(param_1)s]
[parameters: {'email_1': 'test@example.com', 'param_1': 1}]
(Background on this error at: https://sqlalche.me/e/20/f405)
ERROR:    Exception in ASGI application
Traceback (most recent call last):
  File "C:\Users\harsha.singiri\OneDrive - Acuvate Software Private Limited\Harsha Documents\Projects\Drunk and Drive - Clone\backend\venv\Lib\site-packages\sqlalchemy\engine\base.py", line 1969, in _exec_single_context
    self.dialect.do_execute(
    ~~~~~~~~~~~~~~~~~~~~~~~^
        cursor, str_statement, effective_parameters, context
        ^^^^^^^^^^^^^^^^^^^^^^^^^^^^^^^^^^^^^^^^^^^^^^^^^^^^
    )
    ^
  File "C:\Users\harsha.singiri\OneDrive - Acuvate Software Private Limited\Harsha Documents\Projects\Drunk and Drive - Clone\backend\venv\Lib\site-packages\sqlalchemy\engine\default.py", line 952, in do_execute
    cursor.execute(statement, parameters)
    ~~~~~~~~~~~~~~^^^^^^^^^^^^^^^^^^^^^^^
psycopg2.errors.UndefinedTable: relation "users" does not exist
LINE 2: FROM users 
             ^


The above exception was the direct cause of the following exception:

Traceback (most recent call last):
  File "C:\Users\harsha.singiri\OneDrive - Acuvate Software Private Limited\Harsha Documents\Projects\Drunk and Drive - Clone\backend\venv\Lib\site-packages\uvicorn\protocols\http\httptools_impl.py", line 422, in run_asgi
    result = await app(  # type: ignore[func-returns-value]
             ^^^^^^^^^^^^^^^^^^^^^^^^^^^^^^^^^^^^^^^^^^^^^^
        self.scope, self.receive, self.send
        ^^^^^^^^^^^^^^^^^^^^^^^^^^^^^^^^^^^
    )
    ^
  File "C:\Users\harsha.singiri\OneDrive - Acuvate Software Private Limited\Harsha Documents\Projects\Drunk and Drive - Clone\backend\venv\Lib\site-packages\uvicorn\middleware\proxy_headers.py", line 63, in __call__
    return await self.app(scope, receive, send)
           ^^^^^^^^^^^^^^^^^^^^^^^^^^^^^^^^^^^^
  File "C:\Users\harsha.singiri\OneDrive - Acuvate Software Private Limited\Harsha Documents\Projects\Drunk and Drive - Clone\backend\venv\Lib\site-packages\fastapi\applications.py", line 1163, in __call__
    await super().__call__(scope, receive, send)
  File "C:\Users\harsha.singiri\OneDrive - Acuvate Software Private Limited\Harsha Documents\Projects\Drunk and Drive - Clone\backend\venv\Lib\site-packages\starlette\applications.py", line 90, in __call__
    await self.middleware_stack(scope, receive, send)
  File "C:\Users\harsha.singiri\OneDrive - Acuvate Software Private Limited\Harsha Documents\Projects\Drunk and Drive - Clone\backend\venv\Lib\site-packages\starlette\middleware\errors.py", line 186, in __call__
    raise exc
  File "C:\Users\harsha.singiri\OneDrive - Acuvate Software Private Limited\Harsha Documents\Projects\Drunk and Drive - Clone\backend\venv\Lib\site-packages\starlette\middleware\errors.py", line 164, in __call__
    await self.app(scope, receive, _send)
  File "C:\Users\harsha.singiri\OneDrive - Acuvate Software Private Limited\Harsha Documents\Projects\Drunk and Drive - Clone\backend\venv\Lib\site-packages\starlette\middleware\cors.py", line 88, in __call__
    await self.app(scope, receive, send)
  File "C:\Users\harsha.singiri\OneDrive - Acuvate Software Private Limited\Harsha Documents\Projects\Drunk and Drive - Clone\backend\venv\Lib\site-packages\starlette\middleware\base.py", line 193, in __call__
    response = await self.dispatch_func(request, call_next)
               ^^^^^^^^^^^^^^^^^^^^^^^^^^^^^^^^^^^^^^^^^^^^
  File "C:\Users\harsha.singiri\OneDrive - Acuvate Software Private Limited\Harsha Documents\Projects\Drunk and Drive - Clone\backend\venv\Lib\site-packages\slowapi\middleware.py", line 128, in dispatch
    return await call_next(request)
           ^^^^^^^^^^^^^^^^^^^^^^^^
  File "C:\Users\harsha.singiri\OneDrive - Acuvate Software Private Limited\Harsha Documents\Projects\Drunk and Drive - Clone\backend\venv\Lib\site-packages\starlette\middleware\base.py", line 168, in call_next
    raise app_exc from app_exc.__cause__ or app_exc.__context__
  File "C:\Users\harsha.singiri\OneDrive - Acuvate Software Private Limited\Harsha Documents\Projects\Drunk and Drive - Clone\backend\venv\Lib\site-packages\starlette\middleware\base.py", line 144, in coro
    await self.app(scope, receive_or_disconnect, send_no_error)
  File "C:\Users\harsha.singiri\OneDrive - Acuvate Software Private Limited\Harsha Documents\Projects\Drunk and Drive - Clone\backend\venv\Lib\site-packages\starlette\middleware\exceptions.py", line 63, in __call__
    await wrap_app_handling_exceptions(self.app, conn)(scope, receive, send)
  File "C:\Users\harsha.singiri\OneDrive - Acuvate Software Private Limited\Harsha Documents\Projects\Drunk and Drive - Clone\backend\venv\Lib\site-packages\starlette\_exception_handler.py", line 53, in wrapped_app
    raise exc
  File "C:\Users\harsha.singiri\OneDrive - Acuvate Software Private Limited\Harsha Documents\Projects\Drunk and Drive - Clone\backend\venv\Lib\site-packages\starlette\_exception_handler.py", line 42, in wrapped_app
    await app(scope, receive, sender)
  File "C:\Users\harsha.singiri\OneDrive - Acuvate Software Private Limited\Harsha Documents\Projects\Drunk and Drive - Clone\backend\venv\Lib\site-packages\fastapi\middleware\asyncexitstack.py", line 18, in __call__
    await self.app(scope, receive, send)
  File "C:\Users\harsha.singiri\OneDrive - Acuvate Software Private Limited\Harsha Documents\Projects\Drunk and Drive - Clone\backend\venv\Lib\site-packages\starlette\routing.py", line 660, in __call__
    await self.middleware_stack(scope, receive, send)
  File "C:\Users\harsha.singiri\OneDrive - Acuvate Software Private Limited\Harsha Documents\Projects\Drunk and Drive - Clone\backend\venv\Lib\site-packages\fastapi\routing.py", line 2734, in app
    await route.handle(scope, receive, send)
  File "C:\Users\harsha.singiri\OneDrive - Acuvate Software Private Limited\Harsha Documents\Projects\Drunk and Drive - Clone\backend\venv\Lib\site-packages\fastapi\routing.py", line 1780, in handle
    await self.original_router.handle(scope, receive, send)
  File "C:\Users\harsha.singiri\OneDrive - Acuvate Software Private Limited\Harsha Documents\Projects\Drunk and Drive - Clone\backend\venv\Lib\site-packages\fastapi\routing.py", line 2789, in handle
    await included_router._handle_selected(scope, receive, send)
  File "C:\Users\harsha.singiri\OneDrive - Acuvate Software Private Limited\Harsha Documents\Projects\Drunk and Drive - Clone\backend\venv\Lib\site-packages\fastapi\routing.py", line 1800, in _handle_selected
    await original_route.handle(scope, receive, send)
  File "C:\Users\harsha.singiri\OneDrive - Acuvate Software Private Limited\Harsha Documents\Projects\Drunk and Drive - Clone\backend\venv\Lib\site-packages\fastapi\routing.py", line 1279, in handle
    await app(scope, receive, send)
  File "C:\Users\harsha.singiri\OneDrive - Acuvate Software Private Limited\Harsha Documents\Projects\Drunk and Drive - Clone\backend\venv\Lib\site-packages\fastapi\routing.py", line 158, in app
    await wrap_app_handling_exceptions(app, request)(scope, receive, send)
  File "C:\Users\harsha.singiri\OneDrive - Acuvate Software Private Limited\Harsha Documents\Projects\Drunk and Drive - Clone\backend\venv\Lib\site-packages\starlette\_exception_handler.py", line 53, in wrapped_app
    raise exc
  File "C:\Users\harsha.singiri\OneDrive - Acuvate Software Private Limited\Harsha Documents\Projects\Drunk and Drive - Clone\backend\venv\Lib\site-packages\starlette\_exception_handler.py", line 42, in wrapped_app
    await app(scope, receive, sender)
  File "C:\Users\harsha.singiri\OneDrive - Acuvate Software Private Limited\Harsha Documents\Projects\Drunk and Drive - Clone\backend\venv\Lib\site-packages\fastapi\routing.py", line 144, in app
    response = await f(request)
               ^^^^^^^^^^^^^^^^
  File "C:\Users\harsha.singiri\OneDrive - Acuvate Software Private Limited\Harsha Documents\Projects\Drunk and Drive - Clone\backend\venv\Lib\site-packages\fastapi\routing.py", line 706, in app
    raw_response = await run_endpoint_function(
                   ^^^^^^^^^^^^^^^^^^^^^^^^^^^^
    ...<3 lines>...
    )
    ^
  File "C:\Users\harsha.singiri\OneDrive - Acuvate Software Private Limited\Harsha Documents\Projects\Drunk and Drive - Clone\backend\venv\Lib\site-packages\fastapi\routing.py", line 354, in run_endpoint_function
    return await run_in_threadpool(dependant.call, **values)
           ^^^^^^^^^^^^^^^^^^^^^^^^^^^^^^^^^^^^^^^^^^^^^^^^^
  File "C:\Users\harsha.singiri\OneDrive - Acuvate Software Private Limited\Harsha Documents\Projects\Drunk and Drive - Clone\backend\venv\Lib\site-packages\starlette\concurrency.py", line 34, in run_in_threadpool
    return await anyio.to_thread.run_sync(func)
           ^^^^^^^^^^^^^^^^^^^^^^^^^^^^^^^^^^^^
  File "C:\Users\harsha.singiri\OneDrive - Acuvate Software Private Limited\Harsha Documents\Projects\Drunk and Drive - Clone\backend\venv\Lib\site-packages\anyio\to_thread.py", line 65, in run_sync
    return await get_async_backend().run_sync_in_worker_thread(
           ^^^^^^^^^^^^^^^^^^^^^^^^^^^^^^^^^^^^^^^^^^^^^^^^^^^^
        func, args, abandon_on_cancel=abandon_on_cancel, limiter=limiter
        ^^^^^^^^^^^^^^^^^^^^^^^^^^^^^^^^^^^^^^^^^^^^^^^^^^^^^^^^^^^^^^^^
    )
    ^
  File "C:\Users\harsha.singiri\OneDrive - Acuvate Software Private Limited\Harsha Documents\Projects\Drunk and Drive - Clone\backend\venv\Lib\site-packages\anyio\_backends\_asyncio.py", line 2641, in run_sync_in_worker_thread
    return await future
           ^^^^^^^^^^^^
  File "C:\Users\harsha.singiri\OneDrive - Acuvate Software Private Limited\Harsha Documents\Projects\Drunk and Drive - Clone\backend\venv\Lib\site-packages\anyio\_backends\_asyncio.py", line 1033, in run
    result = context.run(func, *args)
  File "C:\Users\harsha.singiri\OneDrive - Acuvate Software Private Limited\Harsha Documents\Projects\Drunk and Drive - Clone\backend\venv\Lib\site-packages\slowapi\extension.py", line 770, in sync_wrapper
    response = func(*args, **kwargs)
  File "C:\Users\harsha.singiri\OneDrive - Acuvate Software Private Limited\Harsha Documents\Projects\Drunk and Drive - Clone\backend\api\routers\auth.py", line 174, in emailjs_login
    user = db.query(User).filter(User.email == email).first()
  File "C:\Users\harsha.singiri\OneDrive - Acuvate Software Private Limited\Harsha Documents\Projects\Drunk and Drive - Clone\backend\venv\Lib\site-packages\sqlalchemy\orm\query.py", line 2766, in first
    return self.limit(1)._iter().first()  # type: ignore
           ~~~~~~~~~~~~~~~~~~~^^
  File "C:\Users\harsha.singiri\OneDrive - Acuvate Software Private Limited\Harsha Documents\Projects\Drunk and Drive - Clone\backend\venv\Lib\site-packages\sqlalchemy\orm\query.py", line 2864, in _iter
    result: Union[ScalarResult[_T], Result[_T]] = self.session.execute(
                                                  ~~~~~~~~~~~~~~~~~~~~^
        statement,
        ^^^^^^^^^^
        params,
        ^^^^^^^
        execution_options={"_sa_orm_load_options": self.load_options},
        ^^^^^^^^^^^^^^^^^^^^^^^^^^^^^^^^^^^^^^^^^^^^^^^^^^^^^^^^^^^^^^
    )
    ^
  File "C:\Users\harsha.singiri\OneDrive - Acuvate Software Private Limited\Harsha Documents\Projects\Drunk and Drive - Clone\backend\venv\Lib\site-packages\sqlalchemy\orm\session.py", line 2373, in execute
    return self._execute_internal(
           ~~~~~~~~~~~~~~~~~~~~~~^
        statement,
        ^^^^^^^^^^
    ...<4 lines>...
        _add_event=_add_event,
        ^^^^^^^^^^^^^^^^^^^^^^
    )
    ^
  File "C:\Users\harsha.singiri\OneDrive - Acuvate Software Private Limited\Harsha Documents\Projects\Drunk and Drive - Clone\backend\venv\Lib\site-packages\sqlalchemy\orm\session.py", line 2271, in _execute_internal
    result: Result[Any] = compile_state_cls.orm_execute_statement(
                          ~~~~~~~~~~~~~~~~~~~~~~~~~~~~~~~~~~~~~~~^
        self,
        ^^^^^
    ...<4 lines>...
        conn,
        ^^^^^
    )
    ^
  File "C:\Users\harsha.singiri\OneDrive - Acuvate Software Private Limited\Harsha Documents\Projects\Drunk and Drive - Clone\backend\venv\Lib\site-packages\sqlalchemy\orm\context.py", line 306, in orm_execute_statement
    result = conn.execute(
        statement, params or {}, execution_options=execution_options
    )
  File "C:\Users\harsha.singiri\OneDrive - Acuvate Software Private Limited\Harsha Documents\Projects\Drunk and Drive - Clone\backend\venv\Lib\site-packages\sqlalchemy\engine\base.py", line 1421, in execute
    return meth(
        self,
        distilled_parameters,
        execution_options or NO_OPTIONS,
    )
  File "C:\Users\harsha.singiri\OneDrive - Acuvate Software Private Limited\Harsha Documents\Projects\Drunk and Drive - Clone\backend\venv\Lib\site-packages\sqlalchemy\sql\elements.py", line 526, in _execute_on_connection
    return connection._execute_clauseelement(
           ~~~~~~~~~~~~~~~~~~~~~~~~~~~~~~~~~^
        self, distilled_params, execution_options
        ^^^^^^^^^^^^^^^^^^^^^^^^^^^^^^^^^^^^^^^^^
    )
    ^
  File "C:\Users\harsha.singiri\OneDrive - Acuvate Software Private Limited\Harsha Documents\Projects\Drunk and Drive - Clone\backend\venv\Lib\site-packages\sqlalchemy\engine\base.py", line 1643, in _execute_clauseelement
    ret = self._execute_context(
        dialect,
    ...<8 lines>...
        cache_hit=cache_hit,
    )
  File "C:\Users\harsha.singiri\OneDrive - Acuvate Software Private Limited\Harsha Documents\Projects\Drunk and Drive - Clone\backend\venv\Lib\site-packages\sqlalchemy\engine\base.py", line 1848, in _execute_context
    return self._exec_single_context(
           ~~~~~~~~~~~~~~~~~~~~~~~~~^
        dialect, context, statement, parameters
        ^^^^^^^^^^^^^^^^^^^^^^^^^^^^^^^^^^^^^^^
    )
    ^
  File "C:\Users\harsha.singiri\OneDrive - Acuvate Software Private Limited\Harsha Documents\Projects\Drunk and Drive - Clone\backend\venv\Lib\site-packages\sqlalchemy\engine\base.py", line 1988, in _exec_single_context
    self._handle_dbapi_exception(
    ~~~~~~~~~~~~~~~~~~~~~~~~~~~~^
        e, str_statement, effective_parameters, cursor, context
        ^^^^^^^^^^^^^^^^^^^^^^^^^^^^^^^^^^^^^^^^^^^^^^^^^^^^^^^
    )
    ^
  File "C:\Users\harsha.singiri\OneDrive - Acuvate Software Private Limited\Harsha Documents\Projects\Drunk and Drive - Clone\backend\venv\Lib\site-packages\sqlalchemy\engine\base.py", line 2365, in _handle_dbapi_exception
    raise sqlalchemy_exception.with_traceback(exc_info[2]) from e
  File "C:\Users\harsha.singiri\OneDrive - Acuvate Software Private Limited\Harsha Documents\Projects\Drunk and Drive - Clone\backend\venv\Lib\site-packages\sqlalchemy\engine\base.py", line 1969, in _exec_single_context
    self.dialect.do_execute(
    ~~~~~~~~~~~~~~~~~~~~~~~^
        cursor, str_statement, effective_parameters, context
        ^^^^^^^^^^^^^^^^^^^^^^^^^^^^^^^^^^^^^^^^^^^^^^^^^^^^
    )
    ^
  File "C:\Users\harsha.singiri\OneDrive - Acuvate Software Private Limited\Harsha Documents\Projects\Drunk and Drive - Clone\backend\venv\Lib\site-packages\sqlalchemy\engine\default.py", line 952, in do_execute
    cursor.execute(statement, parameters)
    ~~~~~~~~~~~~~~^^^^^^^^^^^^^^^^^^^^^^^
sqlalchemy.exc.ProgrammingError: (psycopg2.errors.UndefinedTable) relation "users" does not exist
LINE 2: FROM users 
             ^

[SQL: SELECT users.id AS users_id, users.name AS users_name, users.email AS users_email, users.hashed_password AS users_hashed_password, users.phone AS users_phone, users.profile_image AS users_profile_image, users.role AS users_role, users.created_at AS users_created_at 
FROM users 
WHERE users.email = %(email_1)s 
 LIMIT %(param_1)s]
[parameters: {'email_1': 'test@example.com', 'param_1': 1}]
(Background on this error at: https://sqlalche.me/e/20/f405)
ERROR:    Exception in ASGI application
Traceback (most recent call last):
  File "C:\Users\harsha.singiri\OneDrive - Acuvate Software Private Limited\Harsha Documents\Projects\Drunk and Drive - Clone\backend\venv\Lib\site-packages\sqlalchemy\engine\base.py", line 1969, in _exec_single_context
    self.dialect.do_execute(
    ~~~~~~~~~~~~~~~~~~~~~~~^
        cursor, str_statement, effective_parameters, context
        ^^^^^^^^^^^^^^^^^^^^^^^^^^^^^^^^^^^^^^^^^^^^^^^^^^^^
    )
    ^
  File "C:\Users\harsha.singiri\OneDrive - Acuvate Software Private Limited\Harsha Documents\Projects\Drunk and Drive - Clone\backend\venv\Lib\site-packages\sqlalchemy\engine\default.py", line 952, in do_execute
    cursor.execute(statement, parameters)
    ~~~~~~~~~~~~~~^^^^^^^^^^^^^^^^^^^^^^^
psycopg2.errors.UndefinedTable: relation "users" does not exist
LINE 2: FROM users 
             ^


The above exception was the direct cause of the following exception:

Traceback (most recent call last):
  File "C:\Users\harsha.singiri\OneDrive - Acuvate Software Private Limited\Harsha Documents\Projects\Drunk and Drive - Clone\backend\venv\Lib\site-packages\uvicorn\protocols\http\httptools_impl.py", line 422, in run_asgi
    result = await app(  # type: ignore[func-returns-value]
             ^^^^^^^^^^^^^^^^^^^^^^^^^^^^^^^^^^^^^^^^^^^^^^
        self.scope, self.receive, self.send
        ^^^^^^^^^^^^^^^^^^^^^^^^^^^^^^^^^^^
    )
    ^
  File "C:\Users\harsha.singiri\OneDrive - Acuvate Software Private Limited\Harsha Documents\Projects\Drunk and Drive - Clone\backend\venv\Lib\site-packages\uvicorn\middleware\proxy_headers.py", line 63, in __call__
    return await self.app(scope, receive, send)
           ^^^^^^^^^^^^^^^^^^^^^^^^^^^^^^^^^^^^
  File "C:\Users\harsha.singiri\OneDrive - Acuvate Software Private Limited\Harsha Documents\Projects\Drunk and Drive - Clone\backend\venv\Lib\site-packages\fastapi\applications.py", line 1163, in __call__
    await super().__call__(scope, receive, send)
  File "C:\Users\harsha.singiri\OneDrive - Acuvate Software Private Limited\Harsha Documents\Projects\Drunk and Drive - Clone\backend\venv\Lib\site-packages\starlette\applications.py", line 90, in __call__
    await self.middleware_stack(scope, receive, send)
  File "C:\Users\harsha.singiri\OneDrive - Acuvate Software Private Limited\Harsha Documents\Projects\Drunk and Drive - Clone\backend\venv\Lib\site-packages\starlette\middleware\errors.py", line 186, in __call__
    raise exc
  File "C:\Users\harsha.singiri\OneDrive - Acuvate Software Private Limited\Harsha Documents\Projects\Drunk and Drive - Clone\backend\venv\Lib\site-packages\starlette\middleware\errors.py", line 164, in __call__
    await self.app(scope, receive, _send)
  File "C:\Users\harsha.singiri\OneDrive - Acuvate Software Private Limited\Harsha Documents\Projects\Drunk and Drive - Clone\backend\venv\Lib\site-packages\starlette\middleware\cors.py", line 88, in __call__
    await self.app(scope, receive, send)
  File "C:\Users\harsha.singiri\OneDrive - Acuvate Software Private Limited\Harsha Documents\Projects\Drunk and Drive - Clone\backend\venv\Lib\site-packages\starlette\middleware\base.py", line 193, in __call__
    response = await self.dispatch_func(request, call_next)
               ^^^^^^^^^^^^^^^^^^^^^^^^^^^^^^^^^^^^^^^^^^^^
  File "C:\Users\harsha.singiri\OneDrive - Acuvate Software Private Limited\Harsha Documents\Projects\Drunk and Drive - Clone\backend\venv\Lib\site-packages\slowapi\middleware.py", line 128, in dispatch
    return await call_next(request)
           ^^^^^^^^^^^^^^^^^^^^^^^^
  File "C:\Users\harsha.singiri\OneDrive - Acuvate Software Private Limited\Harsha Documents\Projects\Drunk and Drive - Clone\backend\venv\Lib\site-packages\starlette\middleware\base.py", line 168, in call_next
    raise app_exc from app_exc.__cause__ or app_exc.__context__
  File "C:\Users\harsha.singiri\OneDrive - Acuvate Software Private Limited\Harsha Documents\Projects\Drunk and Drive - Clone\backend\venv\Lib\site-packages\starlette\middleware\base.py", line 144, in coro
    await self.app(scope, receive_or_disconnect, send_no_error)
  File "C:\Users\harsha.singiri\OneDrive - Acuvate Software Private Limited\Harsha Documents\Projects\Drunk and Drive - Clone\backend\venv\Lib\site-packages\starlette\middleware\exceptions.py", line 63, in __call__
    await wrap_app_handling_exceptions(self.app, conn)(scope, receive, send)
  File "C:\Users\harsha.singiri\OneDrive - Acuvate Software Private Limited\Harsha Documents\Projects\Drunk and Drive - Clone\backend\venv\Lib\site-packages\starlette\_exception_handler.py", line 53, in wrapped_app
    raise exc
  File "C:\Users\harsha.singiri\OneDrive - Acuvate Software Private Limited\Harsha Documents\Projects\Drunk and Drive - Clone\backend\venv\Lib\site-packages\starlette\_exception_handler.py", line 42, in wrapped_app
    await app(scope, receive, sender)
  File "C:\Users\harsha.singiri\OneDrive - Acuvate Software Private Limited\Harsha Documents\Projects\Drunk and Drive - Clone\backend\venv\Lib\site-packages\fastapi\middleware\asyncexitstack.py", line 18, in __call__
    await self.app(scope, receive, send)
  File "C:\Users\harsha.singiri\OneDrive - Acuvate Software Private Limited\Harsha Documents\Projects\Drunk and Drive - Clone\backend\venv\Lib\site-packages\starlette\routing.py", line 660, in __call__
    await self.middleware_stack(scope, receive, send)
  File "C:\Users\harsha.singiri\OneDrive - Acuvate Software Private Limited\Harsha Documents\Projects\Drunk and Drive - Clone\backend\venv\Lib\site-packages\fastapi\routing.py", line 2734, in app
    await route.handle(scope, receive, send)
  File "C:\Users\harsha.singiri\OneDrive - Acuvate Software Private Limited\Harsha Documents\Projects\Drunk and Drive - Clone\backend\venv\Lib\site-packages\fastapi\routing.py", line 1780, in handle
    await self.original_router.handle(scope, receive, send)
  File "C:\Users\harsha.singiri\OneDrive - Acuvate Software Private Limited\Harsha Documents\Projects\Drunk and Drive - Clone\backend\venv\Lib\site-packages\fastapi\routing.py", line 2789, in handle
    await included_router._handle_selected(scope, receive, send)
  File "C:\Users\harsha.singiri\OneDrive - Acuvate Software Private Limited\Harsha Documents\Projects\Drunk and Drive - Clone\backend\venv\Lib\site-packages\fastapi\routing.py", line 1800, in _handle_selected
    await original_route.handle(scope, receive, send)
  File "C:\Users\harsha.singiri\OneDrive - Acuvate Software Private Limited\Harsha Documents\Projects\Drunk and Drive - Clone\backend\venv\Lib\site-packages\fastapi\routing.py", line 1279, in handle
    await app(scope, receive, send)
  File "C:\Users\harsha.singiri\OneDrive - Acuvate Software Private Limited\Harsha Documents\Projects\Drunk and Drive - Clone\backend\venv\Lib\site-packages\fastapi\routing.py", line 158, in app
    await wrap_app_handling_exceptions(app, request)(scope, receive, send)
  File "C:\Users\harsha.singiri\OneDrive - Acuvate Software Private Limited\Harsha Documents\Projects\Drunk and Drive - Clone\backend\venv\Lib\site-packages\starlette\_exception_handler.py", line 53, in wrapped_app
    raise exc
  File "C:\Users\harsha.singiri\OneDrive - Acuvate Software Private Limited\Harsha Documents\Projects\Drunk and Drive - Clone\backend\venv\Lib\site-packages\starlette\_exception_handler.py", line 42, in wrapped_app
    await app(scope, receive, sender)
  File "C:\Users\harsha.singiri\OneDrive - Acuvate Software Private Limited\Harsha Documents\Projects\Drunk and Drive - Clone\backend\venv\Lib\site-packages\fastapi\routing.py", line 144, in app
    response = await f(request)
               ^^^^^^^^^^^^^^^^
  File "C:\Users\harsha.singiri\OneDrive - Acuvate Software Private Limited\Harsha Documents\Projects\Drunk and Drive - Clone\backend\venv\Lib\site-packages\fastapi\routing.py", line 706, in app
    raw_response = await run_endpoint_function(
                   ^^^^^^^^^^^^^^^^^^^^^^^^^^^^
    ...<3 lines>...
    )
    ^
  File "C:\Users\harsha.singiri\OneDrive - Acuvate Software Private Limited\Harsha Documents\Projects\Drunk and Drive - Clone\backend\venv\Lib\site-packages\fastapi\routing.py", line 354, in run_endpoint_function
    return await run_in_threadpool(dependant.call, **values)
           ^^^^^^^^^^^^^^^^^^^^^^^^^^^^^^^^^^^^^^^^^^^^^^^^^
  File "C:\Users\harsha.singiri\OneDrive - Acuvate Software Private Limited\Harsha Documents\Projects\Drunk and Drive - Clone\backend\venv\Lib\site-packages\starlette\concurrency.py", line 34, in run_in_threadpool
    return await anyio.to_thread.run_sync(func)
           ^^^^^^^^^^^^^^^^^^^^^^^^^^^^^^^^^^^^
  File "C:\Users\harsha.singiri\OneDrive - Acuvate Software Private Limited\Harsha Documents\Projects\Drunk and Drive - Clone\backend\venv\Lib\site-packages\anyio\to_thread.py", line 65, in run_sync
    return await get_async_backend().run_sync_in_worker_thread(
           ^^^^^^^^^^^^^^^^^^^^^^^^^^^^^^^^^^^^^^^^^^^^^^^^^^^^
        func, args, abandon_on_cancel=abandon_on_cancel, limiter=limiter
        ^^^^^^^^^^^^^^^^^^^^^^^^^^^^^^^^^^^^^^^^^^^^^^^^^^^^^^^^^^^^^^^^
    )
    ^
  File "C:\Users\harsha.singiri\OneDrive - Acuvate Software Private Limited\Harsha Documents\Projects\Drunk and Drive - Clone\backend\venv\Lib\site-packages\anyio\_backends\_asyncio.py", line 2641, in run_sync_in_worker_thread
    return await future
           ^^^^^^^^^^^^
  File "C:\Users\harsha.singiri\OneDrive - Acuvate Software Private Limited\Harsha Documents\Projects\Drunk and Drive - Clone\backend\venv\Lib\site-packages\anyio\_backends\_asyncio.py", line 1033, in run
    result = context.run(func, *args)
  File "C:\Users\harsha.singiri\OneDrive - Acuvate Software Private Limited\Harsha Documents\Projects\Drunk and Drive - Clone\backend\venv\Lib\site-packages\slowapi\extension.py", line 770, in sync_wrapper
    response = func(*args, **kwargs)
  File "C:\Users\harsha.singiri\OneDrive - Acuvate Software Private Limited\Harsha Documents\Projects\Drunk and Drive - Clone\backend\api\routers\auth.py", line 174, in emailjs_login
    user = db.query(User).filter(User.email == email).first()
  File "C:\Users\harsha.singiri\OneDrive - Acuvate Software Private Limited\Harsha Documents\Projects\Drunk and Drive - Clone\backend\venv\Lib\site-packages\sqlalchemy\orm\query.py", line 2766, in first
    return self.limit(1)._iter().first()  # type: ignore
           ~~~~~~~~~~~~~~~~~~~^^
  File "C:\Users\harsha.singiri\OneDrive - Acuvate Software Private Limited\Harsha Documents\Projects\Drunk and Drive - Clone\backend\venv\Lib\site-packages\sqlalchemy\orm\query.py", line 2864, in _iter
    result: Union[ScalarResult[_T], Result[_T]] = self.session.execute(
                                                  ~~~~~~~~~~~~~~~~~~~~^
        statement,
        ^^^^^^^^^^
        params,
        ^^^^^^^
        execution_options={"_sa_orm_load_options": self.load_options},
        ^^^^^^^^^^^^^^^^^^^^^^^^^^^^^^^^^^^^^^^^^^^^^^^^^^^^^^^^^^^^^^
    )
    ^
  File "C:\Users\harsha.singiri\OneDrive - Acuvate Software Private Limited\Harsha Documents\Projects\Drunk and Drive - Clone\backend\venv\Lib\site-packages\sqlalchemy\orm\session.py", line 2373, in execute
    return self._execute_internal(
           ~~~~~~~~~~~~~~~~~~~~~~^
        statement,
        ^^^^^^^^^^
    ...<4 lines>...
        _add_event=_add_event,
        ^^^^^^^^^^^^^^^^^^^^^^
    )
    ^
  File "C:\Users\harsha.singiri\OneDrive - Acuvate Software Private Limited\Harsha Documents\Projects\Drunk and Drive - Clone\backend\venv\Lib\site-packages\sqlalchemy\orm\session.py", line 2271, in _execute_internal
    result: Result[Any] = compile_state_cls.orm_execute_statement(
                          ~~~~~~~~~~~~~~~~~~~~~~~~~~~~~~~~~~~~~~~^
        self,
        ^^^^^
    ...<4 lines>...
        conn,
        ^^^^^
    )
    ^
  File "C:\Users\harsha.singiri\OneDrive - Acuvate Software Private Limited\Harsha Documents\Projects\Drunk and Drive - Clone\backend\venv\Lib\site-packages\sqlalchemy\orm\context.py", line 306, in orm_execute_statement
    result = conn.execute(
        statement, params or {}, execution_options=execution_options
    )
  File "C:\Users\harsha.singiri\OneDrive - Acuvate Software Private Limited\Harsha Documents\Projects\Drunk and Drive - Clone\backend\venv\Lib\site-packages\sqlalchemy\engine\base.py", line 1421, in execute
    return meth(
        self,
        distilled_parameters,
        execution_options or NO_OPTIONS,
    )
  File "C:\Users\harsha.singiri\OneDrive - Acuvate Software Private Limited\Harsha Documents\Projects\Drunk and Drive - Clone\backend\venv\Lib\site-packages\sqlalchemy\sql\elements.py", line 526, in _execute_on_connection
    return connection._execute_clauseelement(
           ~~~~~~~~~~~~~~~~~~~~~~~~~~~~~~~~~^
        self, distilled_params, execution_options
        ^^^^^^^^^^^^^^^^^^^^^^^^^^^^^^^^^^^^^^^^^
    )
    ^
  File "C:\Users\harsha.singiri\OneDrive - Acuvate Software Private Limited\Harsha Documents\Projects\Drunk and Drive - Clone\backend\venv\Lib\site-packages\sqlalchemy\engine\base.py", line 1643, in _execute_clauseelement
    ret = self._execute_context(
        dialect,
    ...<8 lines>...
        cache_hit=cache_hit,
    )
  File "C:\Users\harsha.singiri\OneDrive - Acuvate Software Private Limited\Harsha Documents\Projects\Drunk and Drive - Clone\backend\venv\Lib\site-packages\sqlalchemy\engine\base.py", line 1848, in _execute_context
    return self._exec_single_context(
           ~~~~~~~~~~~~~~~~~~~~~~~~~^
        dialect, context, statement, parameters
        ^^^^^^^^^^^^^^^^^^^^^^^^^^^^^^^^^^^^^^^
    )
    ^
  File "C:\Users\harsha.singiri\OneDrive - Acuvate Software Private Limited\Harsha Documents\Projects\Drunk and Drive - Clone\backend\venv\Lib\site-packages\sqlalchemy\engine\base.py", line 1988, in _exec_single_context
    self._handle_dbapi_exception(
    ~~~~~~~~~~~~~~~~~~~~~~~~~~~~^
        e, str_statement, effective_parameters, cursor, context
        ^^^^^^^^^^^^^^^^^^^^^^^^^^^^^^^^^^^^^^^^^^^^^^^^^^^^^^^
    )
    ^
  File "C:\Users\harsha.singiri\OneDrive - Acuvate Software Private Limited\Harsha Documents\Projects\Drunk and Drive - Clone\backend\venv\Lib\site-packages\sqlalchemy\engine\base.py", line 2365, in _handle_dbapi_exception
    raise sqlalchemy_exception.with_traceback(exc_info[2]) from e
  File "C:\Users\harsha.singiri\OneDrive - Acuvate Software Private Limited\Harsha Documents\Projects\Drunk and Drive - Clone\backend\venv\Lib\site-packages\sqlalchemy\engine\base.py", line 1969, in _exec_single_context
    self.dialect.do_execute(
    ~~~~~~~~~~~~~~~~~~~~~~~^
        cursor, str_statement, effective_parameters, context
        ^^^^^^^^^^^^^^^^^^^^^^^^^^^^^^^^^^^^^^^^^^^^^^^^^^^^
    )
    ^
  File "C:\Users\harsha.singiri\OneDrive - Acuvate Software Private Limited\Harsha Documents\Projects\Drunk and Drive - Clone\backend\venv\Lib\site-packages\sqlalchemy\engine\default.py", line 952, in do_execute
    cursor.execute(statement, parameters)
    ~~~~~~~~~~~~~~^^^^^^^^^^^^^^^^^^^^^^^
sqlalchemy.exc.ProgrammingError: (psycopg2.errors.UndefinedTable) relation "users" does not exist
LINE 2: FROM users 
             ^

[SQL: SELECT users.id AS users_id, users.name AS users_name, users.email AS users_email, users.hashed_password AS users_hashed_password, users.phone AS users_phone, users.profile_image AS users_profile_image, users.role AS users_role, users.created_at AS users_created_at 
FROM users 
WHERE users.email = %(email_1)s 
 LIMIT %(param_1)s]
[parameters: {'email_1': 'test@example.com', 'param_1': 1}]
(Background on this error at: https://sqlalche.me/e/20/f405)
